DO $$ elog(NOTICE, 'this', 'is', 'inline', 'code') $$ LANGUAGE plmruby;
NOTICE:  this is inline code
